C:\Users\teron\IdeaProjects\untitled1\src\main\java\org\example\dao\UserDAO.java
C:\Users\teron\IdeaProjects\untitled1\src\main\java\org\example\Launcher.java
C:\Users\teron\IdeaProjects\untitled1\src\main\java\org\example\controller\PaymentController.java
C:\Users\teron\IdeaProjects\untitled1\src\main\java\org\example\model\Order.java
C:\Users\teron\IdeaProjects\untitled1\src\main\java\org\example\App.java
C:\Users\teron\IdeaProjects\untitled1\src\main\java\org\example\util\DatabaseManager.java
C:\Users\teron\IdeaProjects\untitled1\src\main\java\org\example\util\AlertHelper.java
C:\Users\teron\IdeaProjects\untitled1\src\main\java\org\example\controller\MainController.java
C:\Users\teron\IdeaProjects\untitled1\src\main\java\module-info.java
C:\Users\teron\IdeaProjects\untitled1\src\main\java\org\example\util\AppState.java
C:\Users\teron\IdeaProjects\untitled1\src\main\java\org\example\dao\ProductDAO.java
C:\Users\teron\IdeaProjects\untitled1\src\main\java\org\example\model\Product.java
C:\Users\teron\IdeaProjects\untitled1\src\main\java\org\example\dao\OrderDAO.java
C:\Users\teron\IdeaProjects\untitled1\src\main\java\org\example\controller\AuthController.java
C:\Users\teron\IdeaProjects\untitled1\src\main\java\org\example\controller\RegistrationController.java
C:\Users\teron\IdeaProjects\untitled1\src\main\java\org\example\util\FileUtil.java
C:\Users\teron\IdeaProjects\untitled1\src\main\java\org\example\model\User.java
C:\Users\teron\IdeaProjects\untitled1\src\main\java\org\example\dao\ChatDAO.java
